[debug] [2026-07-29T14:05:03.368Z] ----------------------------------------------------------------------
[debug] [2026-07-29T14:05:03.373Z] Command:       C:\Program Files\nodejs\node.exe C:\Users\ZhuanZ2\AppData\Roaming\npm\node_modules\firebase-tools\lib\bin\firebase.js projects:list
[debug] [2026-07-29T14:05:03.373Z] CLI Version:   15.17.0
[debug] [2026-07-29T14:05:03.373Z] Platform:      win32
[debug] [2026-07-29T14:05:03.373Z] Node Version:  v25.9.0
[debug] [2026-07-29T14:05:03.374Z] Time:          Wed Jul 29 2026 15:05:03 GMT+0100 (GMT+01:00)
[debug] [2026-07-29T14:05:03.374Z] ----------------------------------------------------------------------
[debug] 
[debug] [2026-07-29T14:05:03.398Z] > command requires scopes: ["email","openid","https://www.googleapis.com/auth/cloudplatformprojects.readonly","https://www.googleapis.com/auth/firebase","https://www.googleapis.com/auth/cloud-platform"]
[debug] [2026-07-29T14:05:03.400Z] > authorizing via signed-in user (domlana009@gmail.com)
[debug] [2026-07-29T14:05:03.406Z] Checked if tokens are valid: false, expires at: 1785326651818
[debug] [2026-07-29T14:05:03.407Z] Checked if tokens are valid: false, expires at: 1785326651818
[debug] [2026-07-29T14:05:03.407Z] > refreshing access token with scopes: []
[debug] [2026-07-29T14:05:03.416Z] >>> [apiv2][query] POST https://www.googleapis.com/oauth2/v3/token [none]
[debug] [2026-07-29T14:05:03.416Z] >>> [apiv2][body] POST https://www.googleapis.com/oauth2/v3/token [omitted]
[debug] [2026-07-29T14:05:03.764Z] <<< [apiv2][status] POST https://www.googleapis.com/oauth2/v3/token 200
[debug] [2026-07-29T14:05:03.765Z] <<< [apiv2][body] POST https://www.googleapis.com/oauth2/v3/token [omitted]
[error] Authentication Error: Your credentials are no longer valid. Please run firebase login --reauth

For CI servers and headless environments, generate a new token with firebase login:ci
[debug] [2026-07-29T14:05:03.777Z] Authentication Error: Your credentials are no longer valid. Please run firebase login --reauth

For CI servers and headless environments, generate a new token with firebase login:ci
[debug] [2026-07-29T14:05:04.047Z] FirebaseError: Authentication Error: Your credentials are no longer valid. Please run firebase login --reauth

For CI servers and headless environments, generate a new token with firebase login:ci
    at invalidCredentialError (C:\Users\ZhuanZ2\AppData\Roaming\npm\node_modules\firebase-tools\lib\auth.js:177:12)
    at refreshTokens (C:\Users\ZhuanZ2\AppData\Roaming\npm\node_modules\firebase-tools\lib\auth.js:590:15)
    at process.processTicksAndRejections (node:internal/process/task_queues:104:5)
    at async getAccessToken (C:\Users\ZhuanZ2\AppData\Roaming\npm\node_modules\firebase-tools\lib\apiv2.js:52:18)
    at async Client.addAuthHeader (C:\Users\ZhuanZ2\AppData\Roaming\npm\node_modules\firebase-tools\lib\apiv2.js:182:21)
    at async Client.request (C:\Users\ZhuanZ2\AppData\Roaming\npm\node_modules\firebase-tools\lib\apiv2.js:129:34)
    at async getProjectPage (C:\Users\ZhuanZ2\AppData\Roaming\npm\node_modules\firebase-tools\lib\management\projects.js:287:17)
    at async getFirebaseProjectPage (C:\Users\ZhuanZ2\AppData\Roaming\npm\node_modules\firebase-tools\lib\management\projects.js:304:23)
    at async listFirebaseProjects (C:\Users\ZhuanZ2\AppData\Roaming\npm\node_modules\firebase-tools\lib\management\projects.js:333:29)
    at async Command.actionFn (C:\Users\ZhuanZ2\AppData\Roaming\npm\node_modules\firebase-tools\lib\commands\projects-list.js:51:20)
[error] 
[error] Error: Failed to list Firebase projects. See firebase-debug.log for more info.
[debug] [2026-07-29T14:05:04.313Z] Error: ENOSPC: no space left on device, write
    at Object.writeSync (node:fs:912:3)
    at writeFile.writeFileSync [as sync] (C:\Users\ZhuanZ2\AppData\Roaming\npm\node_modules\firebase-tools\node_modules\write-file-atomic\index.js:215:10)
    at set all (C:\Users\ZhuanZ2\AppData\Roaming\npm\node_modules\firebase-tools\node_modules\configstore\index.js:61:20)
    at Configstore.delete (C:\Users\ZhuanZ2\AppData\Roaming\npm\node_modules\firebase-tools\node_modules\configstore\index.js:101:12)
    at process.<anonymous> (C:\Users\ZhuanZ2\AppData\Roaming\npm\node_modules\firebase-tools\lib\bin\cli.js:65:45)
    at process.emit (node:events:509:20)
    at process.exit (node:internal/process/per_thread:236:15)
    at Timeout._onTimeout (C:\Users\ZhuanZ2\AppData\Roaming\npm\node_modules\firebase-tools\lib\errorOut.js:20:17)
    at listOnTimeout (node:internal/timers:605:17)
    at process.processTimers (node:internal/timers:541:7)
[error] 
[error] Error: An unexpected error has occurred.
